------------------------------------------------------------
Timing Analyzer Summary
------------------------------------------------------------

Type  : Slow 1100mV 85C Model Setup 'CLOCK_50_B5B'
Slack : -1.379
TNS   : -484.387

Type  : Slow 1100mV 85C Model Hold 'CLOCK_50_B5B'
Slack : 0.533
TNS   : 0.000

Type  : Slow 1100mV 85C Model Minimum Pulse Width 'CLOCK_50_B5B'
Slack : -0.538
TNS   : -430.621

Type  : Slow 1100mV 0C Model Setup 'CLOCK_50_B5B'
Slack : -1.346
TNS   : -472.914

Type  : Slow 1100mV 0C Model Hold 'CLOCK_50_B5B'
Slack : 0.491
TNS   : 0.000

Type  : Slow 1100mV 0C Model Minimum Pulse Width 'CLOCK_50_B5B'
Slack : -0.538
TNS   : -402.548

Type  : Fast 1100mV 85C Model Setup 'CLOCK_50_B5B'
Slack : -0.371
TNS   : -44.513

Type  : Fast 1100mV 85C Model Hold 'CLOCK_50_B5B'
Slack : 0.198
TNS   : 0.000

Type  : Fast 1100mV 85C Model Minimum Pulse Width 'CLOCK_50_B5B'
Slack : -0.411
TNS   : -233.622

Type  : Fast 1100mV 0C Model Setup 'CLOCK_50_B5B'
Slack : -0.237
TNS   : -12.599

Type  : Fast 1100mV 0C Model Hold 'CLOCK_50_B5B'
Slack : 0.191
TNS   : 0.000

Type  : Fast 1100mV 0C Model Minimum Pulse Width 'CLOCK_50_B5B'
Slack : -0.445
TNS   : -275.510

------------------------------------------------------------
